// Jest Snapshot v1, https://goo.gl/fbAQLP

exports[`<Loading/> should render the <Loading.ReleaseBody/> 1`] = `null`;

exports[`<Loading/> should render the <Loading/> 1`] = `
<div
  class="loading__Spinner-kc0jgk-0 dOgzqC"
  data-testid="loading"
>
  <img
    class="loading__Picture-kc0jgk-1 eFYBWX"
    data-testid="loading-picture"
    src="/images/users//images/ugur.png.png"
  />
</div>
`;
